This is a test report file.